[+] Containers:
 |- [+] Container: /Game/FirstPerson/Maps/DeathScreen
 |   |- [+] ActorDescs:
 |   |   |- Guid:38E553AD404F790D3281929F9BC6DD1F NativeClass:/Script/Engine.PlayerStart Name:PlayerStart_UAID_7C66EFF810878CEF01_1919179184 Label:PlayerStart SpatiallyLoaded:false EditorBounds:IsValid=true, Min=(X=710.000 Y=790.000 Z=170.000), Max=(X=790.000 Y=870.000 Z=354.000) RuntimeBounds:IsValid=true, Min=(X=710.000 Y=790.000 Z=170.000), Max=(X=790.000 Y=870.000 Z=354.000) RuntimeGrid:None EditorOnly:false RuntimeOnly:false HLODRelevant:false ListedInSceneOutliner:true IsMainWorldOnly:false
 |   |   |- Guid:4E34672E43F9BDBE00EC96AB11A3B85C BaseClass:/Game/HorrorEngine/Blueprints/UsableAssets/Lights/Spotlight.Spotlight_C NativeClass:/Script/Engine.Actor Name:Spotlight_C_UAID_7C66EFF810875EED01_1174832985 Label:Spotlight SpatiallyLoaded:true EditorBounds:IsValid=true, Min=(X=1100.000 Y=730.000 Z=90.000), Max=(X=1260.000 Y=890.000 Z=251.000) RuntimeBounds:IsValid=true, Min=(X=1100.000 Y=730.000 Z=90.000), Max=(X=1260.000 Y=890.000 Z=251.000) RuntimeGrid:None EditorOnly:false RuntimeOnly:false HLODRelevant:false ListedInSceneOutliner:true IsMainWorldOnly:false
 |   |   |- Guid:7045F85A42096B77D58E16B4F2A09928 NativeClass:/Script/Engine.StaticMeshActor Name:StaticMeshActor_UAID_7C66EFF810875DED01_2038079805 Label:Floor_400x400 SpatiallyLoaded:true EditorBounds:IsValid=true, Min=(X=650.000 Y=590.000 Z=-0.000), Max=(X=2950.000 Y=990.000 Z=20.000) RuntimeBounds:IsValid=true, Min=(X=650.000 Y=590.000 Z=-0.000), Max=(X=2950.000 Y=990.000 Z=20.000) RuntimeGrid:None EditorOnly:false RuntimeOnly:false HLODRelevant:false ListedInSceneOutliner:true IsMainWorldOnly:false
 |   |   |- Guid:85FDD1234D3C32AE641527B28939F280 BaseClass:/Game/Blueprints/DeathScreenSpawn.DeathScreenSpawn_C NativeClass:/Script/Engine.Actor Name:DeathScreenSpawn_C_UAID_7C66EFF810878FEF01_1486755714 Label:DeathScreenSpawn SpatiallyLoaded:true EditorBounds:IsValid=true, Min=(X=910.000 Y=810.000 Z=170.000), Max=(X=910.000 Y=810.000 Z=170.000) RuntimeBounds:IsValid=true, Min=(X=910.000 Y=810.000 Z=170.000), Max=(X=910.000 Y=810.000 Z=170.000) RuntimeGrid:None EditorOnly:false RuntimeOnly:false HLODRelevant:false ListedInSceneOutliner:true IsMainWorldOnly:false
 |   |   |- Guid:BE32FC61492A77C4BF43CDB1B255BC97 NativeClass:/Script/Engine.WorldDataLayers Name:WorldDataLayers Label:WorldDataLayers SpatiallyLoaded:false EditorBounds:IsValid=false, Min=(X=0.000 Y=0.000 Z=0.000), Max=(X=0.000 Y=0.000 Z=0.000) RuntimeBounds:IsValid=false, Min=(X=0.000 Y=0.000 Z=0.000), Max=(X=0.000 Y=0.000 Z=0.000) RuntimeGrid:None EditorOnly:false RuntimeOnly:false HLODRelevant:false ListedInSceneOutliner:true IsMainWorldOnly:true
 |   |   |- Guid:D527BC504930B901B095DFBF30CC1731 NativeClass:/Script/Engine.SkeletalMeshActor Name:SkeletalMeshActor_UAID_7C66EFF810875DED01_2094679807 Label:Idle SpatiallyLoaded:true EditorBounds:IsValid=true, Min=(X=1212.037 Y=761.117 Z=14.958), Max=(X=1317.187 Y=866.576 Z=190.482) RuntimeBounds:IsValid=true, Min=(X=1212.037 Y=761.117 Z=14.958), Max=(X=1317.187 Y=866.576 Z=190.482) RuntimeGrid:None EditorOnly:false RuntimeOnly:false HLODRelevant:false ListedInSceneOutliner:true IsMainWorldOnly:false
 |   |- [+] Clusters:
 |   |   |- [+] [  0]
 |   |   |   |- Guid:38E553AD404F790D3281929F9BC6DD1F NativeClass:/Script/Engine.PlayerStart Name:PlayerStart_UAID_7C66EFF810878CEF01_1919179184 Label:PlayerStart SpatiallyLoaded:false EditorBounds:IsValid=true, Min=(X=710.000 Y=790.000 Z=170.000), Max=(X=790.000 Y=870.000 Z=354.000) RuntimeBounds:IsValid=true, Min=(X=710.000 Y=790.000 Z=170.000), Max=(X=790.000 Y=870.000 Z=354.000) RuntimeGrid:None EditorOnly:false RuntimeOnly:false HLODRelevant:false ListedInSceneOutliner:true IsMainWorldOnly:false
 |   |   |- [+] [  1]
 |   |   |   |- Guid:4E34672E43F9BDBE00EC96AB11A3B85C BaseClass:/Game/HorrorEngine/Blueprints/UsableAssets/Lights/Spotlight.Spotlight_C NativeClass:/Script/Engine.Actor Name:Spotlight_C_UAID_7C66EFF810875EED01_1174832985 Label:Spotlight SpatiallyLoaded:true EditorBounds:IsValid=true, Min=(X=1100.000 Y=730.000 Z=90.000), Max=(X=1260.000 Y=890.000 Z=251.000) RuntimeBounds:IsValid=true, Min=(X=1100.000 Y=730.000 Z=90.000), Max=(X=1260.000 Y=890.000 Z=251.000) RuntimeGrid:None EditorOnly:false RuntimeOnly:false HLODRelevant:false ListedInSceneOutliner:true IsMainWorldOnly:false
 |   |   |- [+] [  2]
 |   |   |   |- Guid:7045F85A42096B77D58E16B4F2A09928 NativeClass:/Script/Engine.StaticMeshActor Name:StaticMeshActor_UAID_7C66EFF810875DED01_2038079805 Label:Floor_400x400 SpatiallyLoaded:true EditorBounds:IsValid=true, Min=(X=650.000 Y=590.000 Z=-0.000), Max=(X=2950.000 Y=990.000 Z=20.000) RuntimeBounds:IsValid=true, Min=(X=650.000 Y=590.000 Z=-0.000), Max=(X=2950.000 Y=990.000 Z=20.000) RuntimeGrid:None EditorOnly:false RuntimeOnly:false HLODRelevant:false ListedInSceneOutliner:true IsMainWorldOnly:false
 |   |   |- [+] [  3]
 |   |   |   |- Guid:85FDD1234D3C32AE641527B28939F280 BaseClass:/Game/Blueprints/DeathScreenSpawn.DeathScreenSpawn_C NativeClass:/Script/Engine.Actor Name:DeathScreenSpawn_C_UAID_7C66EFF810878FEF01_1486755714 Label:DeathScreenSpawn SpatiallyLoaded:true EditorBounds:IsValid=true, Min=(X=910.000 Y=810.000 Z=170.000), Max=(X=910.000 Y=810.000 Z=170.000) RuntimeBounds:IsValid=true, Min=(X=910.000 Y=810.000 Z=170.000), Max=(X=910.000 Y=810.000 Z=170.000) RuntimeGrid:None EditorOnly:false RuntimeOnly:false HLODRelevant:false ListedInSceneOutliner:true IsMainWorldOnly:false
 |   |   |- [+] [  4]
 |   |   |   |- Guid:BE32FC61492A77C4BF43CDB1B255BC97 NativeClass:/Script/Engine.WorldDataLayers Name:WorldDataLayers Label:WorldDataLayers SpatiallyLoaded:false EditorBounds:IsValid=false, Min=(X=0.000 Y=0.000 Z=0.000), Max=(X=0.000 Y=0.000 Z=0.000) RuntimeBounds:IsValid=false, Min=(X=0.000 Y=0.000 Z=0.000), Max=(X=0.000 Y=0.000 Z=0.000) RuntimeGrid:None EditorOnly:false RuntimeOnly:false HLODRelevant:false ListedInSceneOutliner:true IsMainWorldOnly:true
 |   |   |- [+] [  5]
 |   |   |   |- Guid:D527BC504930B901B095DFBF30CC1731 NativeClass:/Script/Engine.SkeletalMeshActor Name:SkeletalMeshActor_UAID_7C66EFF810875DED01_2094679807 Label:Idle SpatiallyLoaded:true EditorBounds:IsValid=true, Min=(X=1212.037 Y=761.117 Z=14.958), Max=(X=1317.187 Y=866.576 Z=190.482) RuntimeBounds:IsValid=true, Min=(X=1212.037 Y=761.117 Z=14.958), Max=(X=1317.187 Y=866.576 Z=190.482) RuntimeGrid:None EditorOnly:false RuntimeOnly:false HLODRelevant:false ListedInSceneOutliner:true IsMainWorldOnly:false
 |- ContainerInstances:
 |- [+] MainContainer:
 |   |-        ID: 00000000000000000000000000000000
 |   |-  ParentID: 00000000000000000000000000000000
 |   |-    Bounds: IsValid=true, Min=(X=650.000 Y=590.000 Z=-0.000), Max=(X=2950.000 Y=990.000 Z=251.000)
 |   |- Transform: 0.000000,0.000000,0.000000|0.000000,0.000000,-0.000000|1.000000,1.000000,1.000000
 |   |- Container: /Game/FirstPerson/Maps/DeathScreen
----------------------------------------------------------------------------------------------------------------
DeathScreen - Persistent Level
----------------------------------------------------------------------------------------------------------------
[+] Content of DeathScreen Persistent Level
 |- Always loaded Actor Count: 2 
 |- Actor Path: /Game/FirstPerson/Maps/UEDPIE_0_DeathScreen.DeathScreen:PersistentLevel.PlayerStart_UAID_7C66EFF810878CEF01_1919179184
 |- Actor Package: /Game/FirstPerson/Maps/UEDPIE_0_DeathScreen_InstanceOf_/Game/__ExternalActors__/FirstPerson/Maps/DeathScreen/2/AI/XJJA2WZ5BVTMMQMLH3B9N6
 |- Actor Path: /Game/FirstPerson/Maps/UEDPIE_0_DeathScreen.DeathScreen:PersistentLevel.WorldDataLayers
 |- Actor Package: /Game/__ExternalActors__/FirstPerson/Maps/DeathScreen/C/7H/AB02Q1YF3YT2SAB7YSVING

----------------------------------------------------------------------------------------------------------------
DeathScreen - Runtime Spatial Hash
----------------------------------------------------------------------------------------------------------------
[+] StreamingGrids
 |- [+] MainGrid
 |   |-             Origin: X=0.000 Y=0.000 Z=0.000
 |   |-          Cell Size: 12800
 |   |-       World Bounds: IsValid=true, Min=(X=650.000 Y=590.000 Z=-0.000), Max=(X=2950.000 Y=990.000 Z=251.000)
 |   |-      Loading Range: 25600.00
 |   |- Block Slow Loading: No
 |   |-  ClientOnlyVisible: No
 |   |- 
 |   |- [+] Grid Levels: 2
 |   |   |- Level  0: Cell Count    1 | Cell Size   12800 | Actor Count    4 (100.0%)
 |   |   |- Level  1: Cell Count    0 | Cell Size   25600 | Actor Count    0 (0.0%)
 |   |- 
 |   |- [+] Content of Grid Level 0
 |   |   |- [+] Content of Cell DeathScreen_MainGrid_L0_X0_Y0 (4J5AFYFQHOPI6VFIM9PIQ39GK)
 |   |   |   |- Actor Count: 4
 |   |   |   |- Content Bounds: IsValid=true, Min=(X=650.000 Y=590.000 Z=-0.000), Max=(X=2950.000 Y=990.000 Z=251.000)
 |   |   |   |- [+] /Game/FirstPerson/Maps/UEDPIE_0_DeathScreen.DeathScreen:PersistentLevel.Spotlight_C_UAID_7C66EFF810875EED01_1174832985
 |   |   |   |   |-         Package: /Game/__ExternalActors__/FirstPerson/Maps/DeathScreen/A/FT/BIBHEEH2HB85GSYMRCBEP5
 |   |   |   |   |-     Editor Only: 0
 |   |   |   |   |-   Instance Guid: 4E34672E43F9BDBE00EC96AB11A3B85C
 |   |   |   |   |- [+] Container:
 |   |   |   |   |   |-        ID: 00000000000000000000000000000000
 |   |   |   |   |   |- Transform: 0.000000,0.000000,0.000000|0.000000,0.000000,-0.000000|1.000000,1.000000,1.000000
 |   |   |   |- [+] /Game/FirstPerson/Maps/UEDPIE_0_DeathScreen.DeathScreen:PersistentLevel.StaticMeshActor_UAID_7C66EFF810875DED01_2038079805
 |   |   |   |   |-         Package: /Game/__ExternalActors__/FirstPerson/Maps/DeathScreen/E/VO/I4BPTZMJ3TIP2NLJQFENWD
 |   |   |   |   |-     Editor Only: 0
 |   |   |   |   |-   Instance Guid: 7045F85A42096B77D58E16B4F2A09928
 |   |   |   |   |- [+] Container:
 |   |   |   |   |   |-        ID: 00000000000000000000000000000000
 |   |   |   |   |   |- Transform: 0.000000,0.000000,0.000000|0.000000,0.000000,-0.000000|1.000000,1.000000,1.000000
 |   |   |   |- [+] /Game/FirstPerson/Maps/UEDPIE_0_DeathScreen.DeathScreen:PersistentLevel.DeathScreenSpawn_C_UAID_7C66EFF810878FEF01_1486755714
 |   |   |   |   |-         Package: /Game/__ExternalActors__/FirstPerson/Maps/DeathScreen/7/UN/K9VLM1KXLLM5UM9O2POXO7
 |   |   |   |   |-     Editor Only: 0
 |   |   |   |   |-   Instance Guid: 85FDD1234D3C32AE641527B28939F280
 |   |   |   |   |- [+] Container:
 |   |   |   |   |   |-        ID: 00000000000000000000000000000000
 |   |   |   |   |   |- Transform: 0.000000,0.000000,0.000000|0.000000,0.000000,-0.000000|1.000000,1.000000,1.000000
 |   |   |   |- [+] /Game/FirstPerson/Maps/UEDPIE_0_DeathScreen.DeathScreen:PersistentLevel.SkeletalMeshActor_UAID_7C66EFF810875DED01_2094679807
 |   |   |   |   |-         Package: /Game/__ExternalActors__/FirstPerson/Maps/DeathScreen/A/2V/Z723962QTGTWV9EW4DXN8K
 |   |   |   |   |-     Editor Only: 0
 |   |   |   |   |-   Instance Guid: D527BC504930B901B095DFBF30CC1731
 |   |   |   |   |- [+] Container:
 |   |   |   |   |   |-        ID: 00000000000000000000000000000000
 |   |   |   |   |   |- Transform: 0.000000,0.000000,0.000000|0.000000,0.000000,-0.000000|1.000000,1.000000,1.000000
 |   |- [+] Content of Grid Level 1
 |   |- 
