[0430/053359.536:WARNING:angle_platform_impl.cc(48)] HLSLCompiler.cpp:257 (compileToBinary): 
C:\fakepath(102,1-6): warning X4000: use of potentially uninitialized variable (dyn_index_vec4_float4)

[0430/053359.669:WARNING:angle_platform_impl.cc(48)] HLSLCompiler.cpp:257 (compileToBinary): 
C:\fakepath(125,1): warning X4000: use of potentially uninitialized variable (f_mainImage)

[0430/053359.777:WARNING:angle_platform_impl.cc(48)] HLSLCompiler.cpp:257 (compileToBinary): 
C:\fakepath(135,1): warning X4000: use of potentially uninitialized variable (f_i)
C:\fakepath(137,1): warning X4000: use of potentially uninitialized variable (f_i)
C:\fakepath(173,1): warning X4000: use of potentially uninitialized variable (f_u)

[0430/053401.651:ERROR:gpu_init.cc(426)] Passthrough is not supported, GL is disabled
[0430/053403.098:WARNING:angle_platform_impl.cc(48)] HLSLCompiler.cpp:257 (compileToBinary): 
C:\fakepath(165,1): warning X4000: use of potentially uninitialized variable (f_renderMipMapLevel)

[0430/053403.100:WARNING:angle_platform_impl.cc(48)] HLSLCompiler.cpp:257 (compileToBinary): 
C:\fakepath(165,1): warning X4000: use of potentially uninitialized variable (f_renderMipMapLevel)

[0430/053403.105:WARNING:angle_platform_impl.cc(48)] HLSLCompiler.cpp:257 (compileToBinary): 
C:\fakepath(165,1): warning X4000: use of potentially uninitialized variable (f_renderMipMapLevel)

[0430/053403.322:WARNING:angle_platform_impl.cc(48)] HLSLCompiler.cpp:257 (compileToBinary): 
C:\fakepath(381,10-38): warning X4008: floating point division by zero
C:\fakepath(381,10-38): warning X4008: floating point division by zero

[0430/053403.738:WARNING:angle_platform_impl.cc(48)] HLSLCompiler.cpp:257 (compileToBinary): 
C:\fakepath(165,1): warning X4000: use of potentially uninitialized variable (f_renderMipMapLevel)

[0430/053403.747:WARNING:angle_platform_impl.cc(48)] HLSLCompiler.cpp:257 (compileToBinary): 
C:\fakepath(165,1): warning X4000: use of potentially uninitialized variable (f_renderMipMapLevel)

[0430/053403.747:WARNING:angle_platform_impl.cc(48)] HLSLCompiler.cpp:257 (compileToBinary): 
C:\fakepath(165,1): warning X4000: use of potentially uninitialized variable (f_renderMipMapLevel)

[0430/053403.748:WARNING:angle_platform_impl.cc(48)] HLSLCompiler.cpp:257 (compileToBinary): 
C:\fakepath(165,1): warning X4000: use of potentially uninitialized variable (f_renderMipMapLevel)

[0430/054301.890:ERROR:entry_impl.cc(1075)] No file for 80000230
[0430/054301.978:ERROR:entry_impl.cc(1075)] No file for 800001da
[0430/054301.979:ERROR:entry_impl.cc(1075)] No file for 80000231
[0430/054301.979:ERROR:entry_impl.cc(1075)] No file for 80000252
[0430/054301.980:ERROR:entry_impl.cc(1075)] No file for 8000024a
[0430/054301.980:ERROR:entry_impl.cc(1075)] No file for 80000236
[0430/054301.980:ERROR:entry_impl.cc(1075)] No file for 800001e5
[0430/054306.332:ERROR:entry_impl.cc(1075)] No file for 80000218
[0430/054306.333:ERROR:entry_impl.cc(1075)] No file for 8000022d
[0430/054306.333:ERROR:entry_impl.cc(1075)] No file for 8000022e
[0430/054306.333:ERROR:entry_impl.cc(1075)] No file for 80000219
[0430/054306.333:ERROR:entry_impl.cc(1075)] No file for 8000021a
[0430/054306.334:ERROR:entry_impl.cc(1075)] No file for 8000021b
[0430/054306.334:ERROR:entry_impl.cc(1075)] No file for 80000224
[0430/054306.334:ERROR:entry_impl.cc(1075)] No file for 80000220
[0430/054306.334:ERROR:entry_impl.cc(1075)] No file for 80000226
[0430/054306.334:ERROR:entry_impl.cc(1075)] No file for 80000228
[0430/054306.335:ERROR:entry_impl.cc(1075)] No file for 8000021d
[0430/054306.335:ERROR:entry_impl.cc(1075)] No file for 8000021c
[0430/054306.335:ERROR:entry_impl.cc(1075)] No file for 80000223
[0430/054306.335:ERROR:entry_impl.cc(1075)] No file for 80000221
[0430/054306.336:ERROR:entry_impl.cc(1075)] No file for 8000022f
[0430/054306.336:ERROR:entry_impl.cc(1075)] No file for 8000021f
[0430/054306.336:ERROR:entry_impl.cc(1075)] No file for 8000021e
[0430/054306.336:ERROR:entry_impl.cc(1075)] No file for 80000225
[0430/054306.337:ERROR:entry_impl.cc(1075)] No file for 80000222
[0430/054306.337:ERROR:entry_impl.cc(1075)] No file for 80000227
[0430/054306.339:ERROR:entry_impl.cc(1075)] No file for 8000022b
[0430/054306.339:ERROR:entry_impl.cc(1075)] No file for 80000229
[0430/054306.340:ERROR:entry_impl.cc(1075)] No file for 8000022a
[0430/054306.340:ERROR:entry_impl.cc(1075)] No file for 8000022c
[0430/054323.177:ERROR:entry_impl.cc(1075)] No file for 8000023f
[0430/054323.177:ERROR:entry_impl.cc(1075)] No file for 80000234
[0430/054323.178:ERROR:entry_impl.cc(1075)] No file for 80000233
[0430/054323.178:ERROR:entry_impl.cc(1075)] No file for 80000246
[0430/054323.178:ERROR:entry_impl.cc(1075)] No file for 80000239
[0430/054323.178:ERROR:entry_impl.cc(1075)] No file for 80000238
[0430/054323.179:ERROR:entry_impl.cc(1075)] No file for 80000235
[0430/054323.179:ERROR:entry_impl.cc(1075)] No file for 80000241
[0430/054323.179:ERROR:entry_impl.cc(1075)] No file for 80000232
[0430/054323.179:ERROR:entry_impl.cc(1075)] No file for 80000237
[0430/054323.179:ERROR:entry_impl.cc(1075)] No file for 8000023a
[0430/054323.180:ERROR:entry_impl.cc(1075)] No file for 80000242
[0430/054323.180:ERROR:entry_impl.cc(1075)] No file for 8000023c
[0430/054323.180:ERROR:entry_impl.cc(1075)] No file for 80000240
[0430/054323.180:ERROR:entry_impl.cc(1075)] No file for 80000244
[0430/054323.180:ERROR:entry_impl.cc(1075)] No file for 80000243
[0430/054323.181:ERROR:entry_impl.cc(1075)] No file for 80000245
[0430/054323.181:ERROR:entry_impl.cc(1075)] No file for 8000023e
[0430/054323.181:ERROR:entry_impl.cc(1075)] No file for 8000023b
[0430/054323.184:ERROR:entry_impl.cc(1075)] No file for 80000206
[0430/054323.184:ERROR:entry_impl.cc(1075)] No file for 8000023d
[0430/054333.804:ERROR:entry_impl.cc(1075)] No file for 80000257
[0430/054333.873:ERROR:entry_impl.cc(1075)] No file for 80000258
[0430/054333.874:ERROR:entry_impl.cc(1075)] No file for 80000249
[0430/054333.874:ERROR:entry_impl.cc(1075)] No file for 8000024c
[0430/054333.874:ERROR:entry_impl.cc(1075)] No file for 8000024b
[0430/054333.874:ERROR:entry_impl.cc(1075)] No file for 80000248
[0430/054333.875:ERROR:entry_impl.cc(1075)] No file for 80000255
[0430/054333.875:ERROR:entry_impl.cc(1075)] No file for 80000247
[0430/054333.875:ERROR:entry_impl.cc(1075)] No file for 8000025a
[0430/054333.875:ERROR:entry_impl.cc(1075)] No file for 8000024d
[0430/054333.875:ERROR:entry_impl.cc(1075)] No file for 80000253
[0430/054333.876:ERROR:entry_impl.cc(1075)] No file for 8000024e
[0430/054333.876:ERROR:entry_impl.cc(1075)] No file for 80000250
[0430/054333.877:ERROR:entry_impl.cc(1075)] No file for 8000025c
[0430/054333.877:ERROR:entry_impl.cc(1075)] No file for 80000251
[0430/054333.878:ERROR:entry_impl.cc(1075)] No file for 8000024f
[0430/054333.878:ERROR:entry_impl.cc(1075)] No file for 80000259
[0430/054333.878:ERROR:entry_impl.cc(1075)] No file for 80000254
[0430/054333.878:ERROR:entry_impl.cc(1075)] No file for 80000256
[0430/054333.879:ERROR:entry_impl.cc(1075)] No file for 8000025b
[0430/054428.517:ERROR:entry_impl.cc(1075)] No file for 80000132
[0430/054428.523:ERROR:entry_impl.cc(1075)] No file for 8000000c
[0430/054428.524:ERROR:entry_impl.cc(1075)] No file for 80000004
[0430/054428.524:ERROR:entry_impl.cc(1075)] No file for 80000007
[0430/054428.524:ERROR:entry_impl.cc(1075)] No file for 8000000d
[0430/054428.525:ERROR:entry_impl.cc(1075)] No file for 80000008
[0430/054428.526:ERROR:entry_impl.cc(1075)] No file for 80000130
[0430/054428.526:ERROR:entry_impl.cc(1075)] No file for 80000003
[0430/054428.527:ERROR:entry_impl.cc(1075)] No file for 80000134
[0430/054428.527:ERROR:entry_impl.cc(1075)] No file for 80000133
[0430/054428.529:ERROR:entry_impl.cc(1075)] No file for 80000009
[0430/054428.529:ERROR:entry_impl.cc(1075)] No file for 80000131
[0430/054428.531:ERROR:entry_impl.cc(1075)] No file for 80000135
[0430/054428.601:ERROR:entry_impl.cc(1075)] No file for 80000136
[0430/055512.515:ERROR:entry_impl.cc(1075)] No file for 80000137
[0430/055513.293:ERROR:entry_impl.cc(1075)] No file for 8000013a
[0430/055513.293:ERROR:entry_impl.cc(1075)] No file for 80000139
[0430/055513.293:ERROR:entry_impl.cc(1075)] No file for 8000013b
[0430/055513.294:ERROR:entry_impl.cc(1075)] No file for 80000138
[0430/055513.294:ERROR:entry_impl.cc(1075)] No file for 80000013
[0430/055513.294:ERROR:entry_impl.cc(1075)] No file for 80000014
[0430/055513.295:ERROR:entry_impl.cc(1075)] No file for 80000015
[0430/055513.295:ERROR:entry_impl.cc(1075)] No file for 80000016
[0430/055513.295:ERROR:entry_impl.cc(1075)] No file for 80000017
[0430/055513.296:ERROR:entry_impl.cc(1075)] No file for 8000001a
[0430/055513.296:ERROR:entry_impl.cc(1075)] No file for 8000001b
[0430/055513.297:ERROR:entry_impl.cc(1075)] No file for 80000018
[0430/055513.672:ERROR:entry_impl.cc(1075)] No file for 8000001e
[0430/055513.672:ERROR:entry_impl.cc(1075)] No file for 80000020
[0430/055513.672:ERROR:entry_impl.cc(1075)] No file for 8000001f
[0430/055513.673:ERROR:entry_impl.cc(1075)] No file for 80000024
[0430/055513.673:ERROR:entry_impl.cc(1075)] No file for 80000026
[0430/055513.674:ERROR:entry_impl.cc(1075)] No file for 80000025
[0430/055513.674:ERROR:entry_impl.cc(1075)] No file for 8000002a
[0430/055513.675:ERROR:entry_impl.cc(1075)] No file for 8000013d
[0430/055513.675:ERROR:entry_impl.cc(1075)] No file for 8000013c
[0430/055513.675:ERROR:entry_impl.cc(1075)] No file for 80000142
[0430/055513.676:ERROR:entry_impl.cc(1075)] No file for 8000002b
[0430/055513.676:ERROR:entry_impl.cc(1075)] No file for 8000013e
[0430/055513.676:ERROR:entry_impl.cc(1075)] No file for 80000143
[0430/055513.676:ERROR:entry_impl.cc(1075)] No file for 8000002d
[0430/055513.677:ERROR:entry_impl.cc(1075)] No file for 80000027
[0430/055513.677:ERROR:entry_impl.cc(1075)] No file for 8000013f
[0430/055513.678:ERROR:entry_impl.cc(1075)] No file for 80000031
[0430/055513.678:ERROR:entry_impl.cc(1075)] No file for 80000022
[0430/055513.678:ERROR:entry_impl.cc(1075)] No file for 80000140
[0430/055513.679:ERROR:entry_impl.cc(1075)] No file for 8000002e
[0430/055513.680:ERROR:entry_impl.cc(1075)] No file for 8000002c
[0430/055513.681:ERROR:entry_impl.cc(1075)] No file for 80000030
[0430/055513.683:ERROR:entry_impl.cc(1075)] No file for 80000144
[0430/055513.684:ERROR:entry_impl.cc(1075)] No file for 80000141
[0430/055709.030:ERROR:entry_impl.cc(1075)] No file for 8000020a
[0430/060725.735:ERROR:entry_impl.cc(1075)] No file for 800001ec
[0430/060725.735:ERROR:entry_impl.cc(1075)] No file for 800001b7
[0430/060725.844:ERROR:entry_impl.cc(1075)] No file for 80000102
[0430/060849.052:ERROR:entry_impl.cc(1075)] No file for 800001c9
[0430/061111.533:ERROR:entry_impl.cc(1075)] No file for 8000020b
[0430/061111.533:ERROR:entry_impl.cc(1075)] No file for 8000020e
[0430/061118.491:WARNING:angle_platform_impl.cc(48)] HLSLCompiler.cpp:257 (compileToBinary): 
C:\fakepath(102,1-6): warning X4000: use of potentially uninitialized variable (dyn_index_vec4_float4)

[0430/061118.631:WARNING:angle_platform_impl.cc(48)] HLSLCompiler.cpp:257 (compileToBinary): 
C:\fakepath(125,1): warning X4000: use of potentially uninitialized variable (f_mainImage)

[0430/061118.729:WARNING:angle_platform_impl.cc(48)] HLSLCompiler.cpp:257 (compileToBinary): 
C:\fakepath(135,1): warning X4000: use of potentially uninitialized variable (f_i)
C:\fakepath(137,1): warning X4000: use of potentially uninitialized variable (f_i)
C:\fakepath(173,1): warning X4000: use of potentially uninitialized variable (f_u)

[0430/061123.244:WARNING:angle_platform_impl.cc(48)] HLSLCompiler.cpp:257 (compileToBinary): 
C:\fakepath(381,10-38): warning X4008: floating point division by zero
C:\fakepath(381,10-38): warning X4008: floating point division by zero

[0430/061123.603:WARNING:angle_platform_impl.cc(48)] HLSLCompiler.cpp:257 (compileToBinary): 
C:\fakepath(165,1): warning X4000: use of potentially uninitialized variable (f_renderMipMapLevel)

